Node: erc-hpc-comp204  Job: 37697227  CUDA_VISIBLE_DEVICES=0
torch=2.3.1+cu121 cuda=12.1
device: cuda
	out_dir: /cephfs/volumes/hpc_home/k24058220/7b7da813-ef51-47c9-808b-4979d72c165c/multiview-crl/results/encoder_ablations_slurm_bio/runs
	model_id: resnet_stride8_s42
	encoder_architecture: resnet18
	encoder_head_hidden: 100
	conv_readout: linear
	resnet_norm: batch
	resnet_output_stride: 8
	latent_dim: 12
	content_channels: 9
	hidden_channels: 64
	res_channels: 32
	nb_res_layers: 2
	downscale_factor: 4
	no_separate_encoders: False
	contrastive_loss_type: infonce
	tau: 0.1
	bt_lambda: 0.005
	cross_view_negs_only: True
	contrastive_proj_dim: 0
	contrastive_proj_hidden: 256
	lr: 0.0001
	batch_size: 32
	train_steps: 10000
	eval_every: 2000
	log_every: 100
	grad_clip: 2.0
	num_workers: 0
	seed: 42
	data_seed: 42
	model_seed: 42
	loader_seed: 10042
	require_new_run: True
	deterministic: True
	deterministic_warn_only: True
	cpu_threads: 1
	hash_training_inputs: True
	no_cuda: False
	floor_eval: True
	best_metric: none
	eval_pooling: gap
	eval_patch_grid: [4, 5, 4]
	res: 64
	n_content: 9
	n_style: 3
	num_train_samples: 2000
	num_val_samples: 400
	cache: False
	synthetic_mode: pseudo_mri
	synthetic_normalize: fixed_reference
	synthetic_clean_content: True
	synthetic_style_scale: 1.0
	synthetic_content_scale: 1.0
	synthetic_lesion_placement: wm_interior
	synthetic_n_deformation_grid: 4
	synthetic_n_fissure_grid: 8
	synthetic_hierarchical_content: False
	synthetic_causal: False
	synthetic_causal_graph: chain
	synthetic_causal_edge_prob: 0.5
	synthetic_causal_noise_scale: 0.4
	synthetic_causal_nonlinearity: leaky_relu
encoder: 3D ResNet-18, batch norm, stride 8, GAP -> 512 -> 100 -> 12; separate view backbone(s). The conv-only width, residual-layer and downscale flags are inactive.
  [eval] synthetic DCI @ step 0 ...
    --- identifiability summary ---
      content->content/block_mcc                                   0.360
      content->content/channel_mcc                                 0.210
      content->content/informativeness_ridge                       0.168
      content->style/block_mcc                                     0.549
      content->view/acc                                            0.828
    --- DCI (GBT importances) ---
      content->content/disentanglement                             0.049
      content->content/completeness                                0.096
      content->content/informativeness_test                        -0.055
    --- per-factor recovery: content→content ---
      factor               ridge R²  blockMCC      ±  chanMCC
      brain_size              0.751     0.868  0.003    0.591
      ventricle_size          0.015     0.230  0.008    0.083
      lesion_x               -0.026     0.129  0.032    0.017
      lesion_y               -0.009     0.170  0.004    0.121
      lesion_z               -0.013     0.167  0.025    0.017
      cortical_thickness      0.113     0.381  0.003    0.264
      temporal_atrophy        0.036     0.251  0.004    0.022
      lr_asymmetry            0.664     0.825  0.001    0.628
      sulcal_widening        -0.016     0.222  0.052    0.147
    --- per-factor recovery: content→style ---
      factor               ridge R²  blockMCC      ±  chanMCC
      gain                    0.713     0.852  0.005    0.617
      bias                    0.469     0.696  0.003    0.248
      noise_sigma            -0.028     0.098  0.037    0.079
step    100 | contrastive 3.9005 | content eff_rank 2.01/9
step    200 | contrastive 1.5679 | content eff_rank 3.96/9
step    300 | contrastive 1.2256 | content eff_rank 4.59/9
step    400 | contrastive 1.0254 | content eff_rank 4.59/9
step    500 | contrastive 0.8939 | content eff_rank 5.04/9
step    600 | contrastive 0.8301 | content eff_rank 5.25/9
step    700 | contrastive 0.7922 | content eff_rank 5.50/9
step    800 | contrastive 0.7616 | content eff_rank 5.88/9
step    900 | contrastive 0.6697 | content eff_rank 5.94/9
step   1000 | contrastive 0.6274 | content eff_rank 6.24/9
step   1100 | contrastive 0.5168 | content eff_rank 6.35/9
step   1200 | contrastive 0.5069 | content eff_rank 6.47/9
step   1300 | contrastive 0.4893 | content eff_rank 6.56/9
step   1400 | contrastive 0.4614 | content eff_rank 6.68/9
step   1500 | contrastive 0.4415 | content eff_rank 6.52/9
step   1600 | contrastive 0.4108 | content eff_rank 6.59/9
step   1700 | contrastive 0.4022 | content eff_rank 6.41/9
step   1800 | contrastive 0.3880 | content eff_rank 6.46/9
step   1900 | contrastive 0.3534 | content eff_rank 6.45/9
step   2000 | contrastive 0.3568 | content eff_rank 6.59/9
  [eval] synthetic DCI @ step 2000 ...
    --- identifiability summary ---
      content->content/block_mcc                                   0.311
      content->content/channel_mcc                                 0.189
      content->content/informativeness_ridge                       0.110
      content->style/block_mcc                                     0.136
      content->view/acc                                            0.574
    --- DCI (GBT importances) ---
      content->content/disentanglement                             0.043
      content->content/completeness                                0.046
      content->content/informativeness_test                        0.145
    --- per-factor recovery: content→content ---
      factor               ridge R²  blockMCC      ±  chanMCC    floor  Δ vs floor
      brain_size              0.082     0.303  0.017    0.194    0.751      -0.669
      ventricle_size         -0.025     0.178  0.035    0.058    0.015      -0.040
      lesion_x               -0.017     0.176  0.059    0.083   -0.026      +0.009
      lesion_y               -0.018     0.146  0.051    0.071   -0.009      -0.009
      lesion_z               -0.014     0.164  0.036    0.046   -0.013      -0.001
      cortical_thickness      0.179     0.428  0.014    0.333    0.113      +0.066
      temporal_atrophy        0.589     0.771  0.005    0.600    0.036      +0.552
      lr_asymmetry            0.243     0.505  0.004    0.275    0.664      -0.422
      sulcal_widening        -0.025     0.126  0.008    0.042   -0.016      -0.009
    --- per-factor recovery: content→style ---
      factor               ridge R²  blockMCC      ±  chanMCC    floor  Δ vs floor
      gain                   -0.018     0.141  0.037    0.089    0.713      -0.731
      bias                   -0.012     0.123  0.015    0.111    0.469      -0.481
      noise_sigma            -0.024     0.144  0.024    0.114   -0.028      +0.005
step   2100 | contrastive 0.3719 | content eff_rank 6.63/9
step   2200 | contrastive 0.3499 | content eff_rank 6.70/9
step   2300 | contrastive 0.3188 | content eff_rank 6.74/9
step   2400 | contrastive 0.3272 | content eff_rank 6.67/9
step   2500 | contrastive 0.3205 | content eff_rank 6.71/9
step   2600 | contrastive 0.2929 | content eff_rank 6.85/9
step   2700 | contrastive 0.3107 | content eff_rank 6.73/9
step   2800 | contrastive 0.3176 | content eff_rank 6.67/9
step   2900 | contrastive 0.2952 | content eff_rank 6.75/9
step   3000 | contrastive 0.2841 | content eff_rank 6.75/9
step   3100 | contrastive 0.2936 | content eff_rank 6.76/9
step   3200 | contrastive 0.2844 | content eff_rank 6.78/9
step   3300 | contrastive 0.2624 | content eff_rank 6.85/9
step   3400 | contrastive 0.2561 | content eff_rank 6.90/9
step   3500 | contrastive 0.2574 | content eff_rank 6.86/9
step   3600 | contrastive 0.2773 | content eff_rank 6.93/9
step   3700 | contrastive 0.2705 | content eff_rank 6.84/9
step   3800 | contrastive 0.2574 | content eff_rank 6.76/9
step   3900 | contrastive 0.2709 | content eff_rank 6.84/9
step   4000 | contrastive 0.2521 | content eff_rank 6.81/9
  [eval] synthetic DCI @ step 4000 ...
    --- identifiability summary ---
      content->content/block_mcc                                   0.300
      content->content/channel_mcc                                 0.172
      content->content/informativeness_ridge                       0.103
      content->style/block_mcc                                     0.128
      content->view/acc                                            0.528
    --- DCI (GBT importances) ---
      content->content/disentanglement                             0.038
      content->content/completeness                                0.050
      content->content/informativeness_test                        0.077
    --- per-factor recovery: content→content ---
      factor               ridge R²  blockMCC      ±  chanMCC    floor  Δ vs floor
      brain_size              0.021     0.239  0.009    0.136    0.751      -0.729
      ventricle_size         -0.030     0.178  0.009    0.106    0.015      -0.044
      lesion_x               -0.018     0.138  0.022    0.016   -0.026      +0.007
      lesion_y               -0.015     0.168  0.019    0.086   -0.009      -0.006
      lesion_z               -0.012     0.131  0.012    0.067   -0.013      +0.001
      cortical_thickness      0.184     0.444  0.013    0.299    0.113      +0.071
      temporal_atrophy        0.647     0.809  0.005    0.463    0.036      +0.611
      lr_asymmetry            0.171     0.430  0.008    0.325    0.664      -0.493
      sulcal_widening        -0.024     0.163  0.034    0.052   -0.016      -0.007
    --- per-factor recovery: content→style ---
      factor               ridge R²  blockMCC      ±  chanMCC    floor  Δ vs floor
      gain                   -0.014     0.114  0.008    0.104    0.713      -0.727
      bias                   -0.016     0.126  0.011    0.144    0.469      -0.485
      noise_sigma            -0.024     0.145  0.014    0.082   -0.028      +0.004
step   4100 | contrastive 0.2600 | content eff_rank 6.90/9
step   4200 | contrastive 0.2543 | content eff_rank 6.87/9
step   4300 | contrastive 0.2323 | content eff_rank 6.99/9
step   4400 | contrastive 0.2570 | content eff_rank 6.95/9
step   4500 | contrastive 0.2422 | content eff_rank 6.94/9
step   4600 | contrastive 0.2402 | content eff_rank 6.87/9
step   4700 | contrastive 0.2452 | content eff_rank 6.97/9
step   4800 | contrastive 0.2377 | content eff_rank 6.90/9
step   4900 | contrastive 0.2437 | content eff_rank 6.97/9
step   5000 | contrastive 0.2393 | content eff_rank 6.99/9
step   5100 | contrastive 0.2297 | content eff_rank 7.04/9
step   5200 | contrastive 0.2294 | content eff_rank 6.95/9
step   5300 | contrastive 0.2215 | content eff_rank 6.97/9
step   5400 | contrastive 0.2222 | content eff_rank 7.02/9
step   5500 | contrastive 0.2214 | content eff_rank 6.99/9
step   5600 | contrastive 0.2279 | content eff_rank 7.03/9
step   5700 | contrastive 0.2096 | content eff_rank 7.10/9
step   5800 | contrastive 0.2062 | content eff_rank 7.05/9
step   5900 | contrastive 0.2125 | content eff_rank 7.03/9
step   6000 | contrastive 0.2186 | content eff_rank 7.03/9
  [eval] synthetic DCI @ step 6000 ...
    --- identifiability summary ---
      content->content/block_mcc                                   0.301
      content->content/channel_mcc                                 0.186
      content->content/informativeness_ridge                       0.096
      content->style/block_mcc                                     0.134
      content->view/acc                                            0.518
    --- DCI (GBT importances) ---
      content->content/disentanglement                             0.042
      content->content/completeness                                0.049
      content->content/informativeness_test                        0.077
    --- per-factor recovery: content→content ---
      factor               ridge R²  blockMCC      ±  chanMCC    floor  Δ vs floor
      brain_size              0.086     0.345  0.016    0.183    0.751      -0.665
      ventricle_size         -0.028     0.168  0.013    0.138    0.015      -0.042
      lesion_x               -0.019     0.172  0.040    0.093   -0.026      +0.007
      lesion_y               -0.014     0.183  0.012    0.096   -0.009      -0.006
      lesion_z               -0.010     0.151  0.010    0.075   -0.013      +0.002
      cortical_thickness      0.189     0.438  0.014    0.243    0.113      +0.076
      temporal_atrophy        0.588     0.774  0.002    0.612    0.036      +0.551
      lr_asymmetry            0.093     0.336  0.008    0.157    0.664      -0.572
      sulcal_widening        -0.023     0.143  0.014    0.076   -0.016      -0.007
    --- per-factor recovery: content→style ---
      factor               ridge R²  blockMCC      ±  chanMCC    floor  Δ vs floor
      gain                   -0.015     0.147  0.014    0.086    0.713      -0.728
      bias                   -0.012     0.103  0.023    0.069    0.469      -0.481
      noise_sigma            -0.023     0.151  0.023    0.141   -0.028      +0.005
step   6100 | contrastive 0.2035 | content eff_rank 7.06/9
step   6200 | contrastive 0.2116 | content eff_rank 7.13/9
step   6300 | contrastive 0.2348 | content eff_rank 6.99/9
step   6400 | contrastive 0.2049 | content eff_rank 7.13/9
step   6500 | contrastive 0.2092 | content eff_rank 7.09/9
step   6600 | contrastive 0.2065 | content eff_rank 7.09/9
step   6700 | contrastive 0.2086 | content eff_rank 7.11/9
step   6800 | contrastive 0.2104 | content eff_rank 7.07/9
step   6900 | contrastive 0.2190 | content eff_rank 7.03/9
step   7000 | contrastive 0.2122 | content eff_rank 7.08/9
step   7100 | contrastive 0.2010 | content eff_rank 7.13/9
step   7200 | contrastive 0.2151 | content eff_rank 7.09/9
step   7300 | contrastive 0.2050 | content eff_rank 7.09/9
step   7400 | contrastive 0.2073 | content eff_rank 7.14/9
step   7500 | contrastive 0.2030 | content eff_rank 7.19/9
step   7600 | contrastive 0.1967 | content eff_rank 7.09/9
step   7700 | contrastive 0.1952 | content eff_rank 7.08/9
step   7800 | contrastive 0.2018 | content eff_rank 7.17/9
step   7900 | contrastive 0.1891 | content eff_rank 7.08/9
step   8000 | contrastive 0.2031 | content eff_rank 7.04/9
  [eval] synthetic DCI @ step 8000 ...
    --- identifiability summary ---
      content->content/block_mcc                                   0.297
      content->content/channel_mcc                                 0.185
      content->content/informativeness_ridge                       0.090
      content->style/block_mcc                                     0.134
      content->view/acc                                            0.535
    --- DCI (GBT importances) ---
      content->content/disentanglement                             0.034
      content->content/completeness                                0.042
      content->content/informativeness_test                        0.063
    --- per-factor recovery: content→content ---
      factor               ridge R²  blockMCC      ±  chanMCC    floor  Δ vs floor
      brain_size              0.035     0.246  0.015    0.170    0.751      -0.715
      ventricle_size         -0.029     0.200  0.025    0.078    0.015      -0.044
      lesion_x               -0.018     0.190  0.016    0.074   -0.026      +0.008
      lesion_y               -0.017     0.156  0.017    0.080   -0.009      -0.008
      lesion_z               -0.013     0.157  0.018    0.080   -0.013      -0.000
      cortical_thickness      0.159     0.409  0.015    0.242    0.113      +0.046
      temporal_atrophy        0.572     0.765  0.001    0.621    0.036      +0.536
      lr_asymmetry            0.132     0.392  0.015    0.171    0.664      -0.532
      sulcal_widening        -0.015     0.159  0.026    0.147   -0.016      +0.001
    --- per-factor recovery: content→style ---
      factor               ridge R²  blockMCC      ±  chanMCC    floor  Δ vs floor
      gain                   -0.013     0.114  0.014    0.106    0.713      -0.726
      bias                   -0.010     0.154  0.050    0.155    0.469      -0.479
      noise_sigma            -0.024     0.133  0.029    0.085   -0.028      +0.005
step   8100 | contrastive 0.1977 | content eff_rank 7.14/9
step   8200 | contrastive 0.1882 | content eff_rank 7.19/9
step   8300 | contrastive 0.1938 | content eff_rank 7.16/9
step   8400 | contrastive 0.1914 | content eff_rank 7.13/9
step   8500 | contrastive 0.1964 | content eff_rank 7.13/9
step   8600 | contrastive 0.1980 | content eff_rank 7.14/9
step   8700 | contrastive 0.1867 | content eff_rank 7.17/9
step   8800 | contrastive 0.1893 | content eff_rank 7.15/9
step   8900 | contrastive 0.2000 | content eff_rank 7.09/9
step   9000 | contrastive 0.2046 | content eff_rank 7.14/9
step   9100 | contrastive 0.1795 | content eff_rank 7.16/9
step   9200 | contrastive 0.1916 | content eff_rank 7.14/9
step   9300 | contrastive 0.1971 | content eff_rank 7.16/9
step   9400 | contrastive 0.1874 | content eff_rank 7.18/9
step   9500 | contrastive 0.1879 | content eff_rank 7.20/9
step   9600 | contrastive 0.1829 | content eff_rank 7.18/9
step   9700 | contrastive 0.1910 | content eff_rank 7.14/9
step   9800 | contrastive 0.1972 | content eff_rank 7.08/9
step   9900 | contrastive 0.1865 | content eff_rank 7.13/9
step  10000 | contrastive 0.1823 | content eff_rank 7.21/9
  [eval] synthetic DCI @ step 10000 ...
    --- identifiability summary ---
      content->content/block_mcc                                   0.302
      content->content/channel_mcc                                 0.177
      content->content/informativeness_ridge                       0.094
      content->style/block_mcc                                     0.134
      content->view/acc                                            0.474
    --- DCI (GBT importances) ---
      content->content/disentanglement                             0.028
      content->content/completeness                                0.043
      content->content/informativeness_test                        0.066
    --- per-factor recovery: content→content ---
      factor               ridge R²  blockMCC      ±  chanMCC    floor  Δ vs floor
      brain_size              0.060     0.309  0.010    0.171    0.751      -0.691
      ventricle_size         -0.027     0.165  0.016    0.080    0.015      -0.041
      lesion_x               -0.021     0.153  0.041    0.086   -0.026      +0.004
      lesion_y               -0.018     0.153  0.027    0.070   -0.009      -0.009
      lesion_z               -0.012     0.152  0.032    0.010   -0.013      +0.001
      cortical_thickness      0.222     0.485  0.007    0.226    0.113      +0.109
      temporal_atrophy        0.528     0.734  0.002    0.538    0.036      +0.491
      lr_asymmetry            0.135     0.393  0.005    0.263    0.664      -0.530
      sulcal_widening        -0.016     0.177  0.019    0.151   -0.016      +0.000
    --- per-factor recovery: content→style ---
      factor               ridge R²  blockMCC      ±  chanMCC    floor  Δ vs floor
      gain                   -0.013     0.129  0.031    0.104    0.713      -0.726
      bias                   -0.018     0.126  0.027    0.131    0.469      -0.487
      noise_sigma            -0.024     0.148  0.036    0.101   -0.028      +0.005
done. checkpoints + DCI logs in /cephfs/volumes/hpc_home/k24058220/7b7da813-ef51-47c9-808b-4979d72c165c/multiview-crl/results/encoder_ablations_slurm_bio/runs/resnet_stride8_s42
